2026-08-28 12:50:30,838 INFO o.a.j.u.JMeterUtils: Setting Locale to en_EN
2026-08-28 12:50:30,856 INFO o.a.j.JMeter: Loading user properties from: C:\apache-jmeter-5.6.3\bin\user.properties
2026-08-28 12:50:30,857 INFO o.a.j.JMeter: Loading system properties from: C:\apache-jmeter-5.6.3\bin\system.properties
2026-08-28 12:50:30,866 INFO o.a.j.JMeter: Copyright (c) 1998-2024 The Apache Software Foundation
2026-08-28 12:50:30,867 INFO o.a.j.JMeter: Version 5.6.3
2026-08-28 12:50:30,867 INFO o.a.j.JMeter: java.version=25.0.2
2026-08-28 12:50:30,867 INFO o.a.j.JMeter: java.vm.name=Java HotSpot(TM) 64-Bit Server VM
2026-08-28 12:50:30,867 INFO o.a.j.JMeter: os.name=Windows 11
2026-08-28 12:50:30,867 INFO o.a.j.JMeter: os.arch=amd64
2026-08-28 12:50:30,868 INFO o.a.j.JMeter: os.version=10.0
2026-08-28 12:50:30,868 INFO o.a.j.JMeter: file.encoding=UTF-8
2026-08-28 12:50:30,868 INFO o.a.j.JMeter: java.awt.headless=true
2026-08-28 12:50:30,868 INFO o.a.j.JMeter: Max memory     =1073741824
2026-08-28 12:50:30,868 INFO o.a.j.JMeter: Available Processors =8
2026-08-28 12:50:30,887 INFO o.a.j.JMeter: Default Locale=English (EN)
2026-08-28 12:50:30,888 INFO o.a.j.JMeter: JMeter  Locale=English (EN)
2026-08-28 12:50:30,888 INFO o.a.j.JMeter: JMeterHome=C:\apache-jmeter-5.6.3
2026-08-28 12:50:30,888 INFO o.a.j.JMeter: user.dir  =C:\parabank\jmeter+csv
2026-08-28 12:50:30,888 INFO o.a.j.JMeter: PWD       =C:\parabank\jmeter+csv
2026-08-28 12:50:30,889 INFO o.a.j.JMeter: IP: 192.168.18.138 Name: DESKTOP-GPM0BON FullName: DESKTOP-GPM0BON
2026-08-28 12:50:30,899 INFO o.a.j.JMeter: Setting property 'jmeter.reportgenerator.outputdir' to:'C:\parabank\jmeter+csv\html_report'
2026-08-28 12:50:30,902 INFO o.a.j.s.FileServer: Default base='C:\parabank\jmeter+csv'
2026-08-28 12:50:30,903 INFO o.a.j.s.FileServer: Set new base='C:\parabank\jmeter+csv'
2026-08-28 12:50:31,478 INFO o.a.j.s.SaveService: Testplan (JMX) version: 2.2. Testlog (JTL) version: 2.2
2026-08-28 12:50:31,523 INFO o.a.j.s.SaveService: Using SaveService properties version 5.0
2026-08-28 12:50:31,529 INFO o.a.j.s.SaveService: Using SaveService properties file encoding UTF-8
2026-08-28 12:50:31,535 INFO o.a.j.s.SaveService: Loading file: C:\parabank\jmeter+csv\ParaBank_AllModules_REPORT_FIXED3_DB.jmx
2026-08-28 12:50:31,597 INFO o.a.j.p.h.c.CookieManager: Settings: Delete null: true Check: true Allow variable: true Save: false Prefix: COOKIE_
2026-08-28 12:50:31,661 INFO o.a.j.p.h.s.HTTPSamplerBase: Parser for text/html is org.apache.jmeter.protocol.http.parser.LagartoBasedHtmlParser
2026-08-28 12:50:31,661 INFO o.a.j.p.h.s.HTTPSamplerBase: Parser for application/xhtml+xml is org.apache.jmeter.protocol.http.parser.LagartoBasedHtmlParser
2026-08-28 12:50:31,662 INFO o.a.j.p.h.s.HTTPSamplerBase: Parser for application/xml is org.apache.jmeter.protocol.http.parser.LagartoBasedHtmlParser
2026-08-28 12:50:31,662 INFO o.a.j.p.h.s.HTTPSamplerBase: Parser for text/xml is org.apache.jmeter.protocol.http.parser.LagartoBasedHtmlParser
2026-08-28 12:50:31,662 INFO o.a.j.p.h.s.HTTPSamplerBase: Parser for text/vnd.wap.wml is org.apache.jmeter.protocol.http.parser.RegexpHTMLParser
2026-08-28 12:50:31,662 INFO o.a.j.p.h.s.HTTPSamplerBase: Parser for text/css is org.apache.jmeter.protocol.http.parser.CssParser
2026-08-28 12:50:31,771 INFO o.a.j.JMeter: Creating summariser <summary>
2026-08-28 12:50:31,775 INFO o.a.j.r.d.ReportGenerator: ReportGenerator will use for Parsing the separator: ','
2026-08-28 12:50:31,776 INFO o.a.j.r.d.ReportGenerator: Will generate report at end of test from  results file: C:\parabank\jmeter+csv\results.jtl
2026-08-28 12:50:31,776 INFO o.a.j.r.d.ReportGenerator: Reading report generator properties from: C:\apache-jmeter-5.6.3\bin\reportgenerator.properties
2026-08-28 12:50:31,776 INFO o.a.j.r.d.ReportGenerator: Merging with JMeter properties
2026-08-28 12:50:31,780 INFO o.a.j.r.c.ReportGeneratorConfiguration: Property 'jmeter.reportgenerator.temp_dir' not found, using default value 'temp' instead.
2026-08-28 12:50:31,782 INFO o.a.j.r.c.ReportGeneratorConfiguration: Property 'jmeter.reportgenerator.apdex_per_transaction' not found, using default value 'null' instead.
2026-08-28 12:50:31,782 INFO o.a.j.r.c.ReportGeneratorConfiguration: apdex_per_transaction is empty, not APDEX per transaction customization
2026-08-28 12:50:31,782 INFO o.a.j.r.c.ReportGeneratorConfiguration: Property 'jmeter.reportgenerator.sample_filter' not found, using default value 'null' instead.
2026-08-28 12:50:31,783 INFO o.a.j.r.c.ReportGeneratorConfiguration: Property 'jmeter.reportgenerator.report_title' not found, using default value 'null' instead.
2026-08-28 12:50:31,783 INFO o.a.j.r.c.ReportGeneratorConfiguration: Property 'jmeter.reportgenerator.start_date' not found, using default value 'null' instead.
2026-08-28 12:50:31,783 INFO o.a.j.r.c.ReportGeneratorConfiguration: Property 'jmeter.reportgenerator.end_date' not found, using default value 'null' instead.
2026-08-28 12:50:31,783 INFO o.a.j.r.c.ReportGeneratorConfiguration: Property 'jmeter.reportgenerator.date_format' not found, using default value 'null' instead.
2026-08-28 12:50:31,783 INFO o.a.j.r.c.ReportGeneratorConfiguration: Will use date range start date: null, end date: null
2026-08-28 12:50:31,801 INFO o.a.j.r.c.ReportGeneratorConfiguration: Property 'jmeter.reportgenerator.graph.totalTPS.exclude_controllers' not found, using default value 'false' instead.
2026-08-28 12:50:31,802 INFO o.a.j.r.c.ReportGeneratorConfiguration: Property 'jmeter.reportgenerator.graph.activeThreadsOverTime.exclude_controllers' not found, using default value 'false' instead.
2026-08-28 12:50:31,803 INFO o.a.j.r.c.ReportGeneratorConfiguration: Property 'jmeter.reportgenerator.graph.timeVsThreads.exclude_controllers' not found, using default value 'false' instead.
2026-08-28 12:50:31,803 INFO o.a.j.r.c.ReportGeneratorConfiguration: Property 'jmeter.reportgenerator.graph.responseTimeDistribution.exclude_controllers' not found, using default value 'false' instead.
2026-08-28 12:50:31,804 INFO o.a.j.r.c.ReportGeneratorConfiguration: Property 'jmeter.reportgenerator.graph.transactionsPerSecond.exclude_controllers' not found, using default value 'false' instead.
2026-08-28 12:50:31,804 INFO o.a.j.r.c.ReportGeneratorConfiguration: Property 'jmeter.reportgenerator.graph.responseTimePercentiles.exclude_controllers' not found, using default value 'false' instead.
2026-08-28 12:50:31,804 INFO o.a.j.r.c.ReportGeneratorConfiguration: Property 'jmeter.reportgenerator.graph.responseTimePercentilesOverTime.exclude_controllers' not found, using default value 'false' instead.
2026-08-28 12:50:31,806 INFO o.a.j.r.c.ReportGeneratorConfiguration: Property 'jmeter.reportgenerator.graph.responseTimesOverTime.exclude_controllers' not found, using default value 'false' instead.
2026-08-28 12:50:31,806 INFO o.a.j.r.c.ReportGeneratorConfiguration: Property 'jmeter.reportgenerator.graph.connectTimeOverTime.exclude_controllers' not found, using default value 'false' instead.
2026-08-28 12:50:31,807 INFO o.a.j.r.c.ReportGeneratorConfiguration: Property 'jmeter.reportgenerator.graph.latenciesOverTime.exclude_controllers' not found, using default value 'false' instead.
2026-08-28 12:50:31,809 INFO o.a.j.r.c.ReportGeneratorConfiguration: Property 'jmeter.reportgenerator.exporter.json.filters_only_sample_series' not found, using default value 'true' instead.
2026-08-28 12:50:31,809 INFO o.a.j.r.c.ReportGeneratorConfiguration: Property 'jmeter.reportgenerator.exporter.json.series_filter' not found, using default value '' instead.
2026-08-28 12:50:31,809 INFO o.a.j.r.c.ReportGeneratorConfiguration: Property 'jmeter.reportgenerator.exporter.json.show_controllers_only' not found, using default value 'false' instead.
2026-08-28 12:50:31,810 INFO o.a.j.r.c.ReportGeneratorConfiguration: Property 'jmeter.reportgenerator.exporter.html.filters_only_sample_series' not found, using default value 'true' instead.
2026-08-28 12:50:31,810 INFO o.a.j.r.c.ReportGeneratorConfiguration: Property 'jmeter.reportgenerator.exporter.html.series_filter' not found, using default value '' instead.
2026-08-28 12:50:31,810 INFO o.a.j.r.c.ReportGeneratorConfiguration: Property 'jmeter.reportgenerator.exporter.html.show_controllers_only' not found, using default value 'false' instead.
2026-08-28 12:50:31,829 INFO o.a.j.e.StandardJMeterEngine: Running the test!
2026-08-28 12:50:31,830 INFO o.a.j.s.SampleEvent: List of sample_variables: []
2026-08-28 12:50:31,830 INFO o.a.j.s.SampleEvent: List of sample_variables: []
2026-08-28 12:50:31,836 INFO o.a.j.e.u.CompoundVariable: Note: Function class names must contain the string: '.functions.'
2026-08-28 12:50:31,836 INFO o.a.j.e.u.CompoundVariable: Note: Function class names must not contain the string: '.gui.'
2026-08-28 12:50:31,924 INFO o.a.j.r.ClassFinder: Will scan jar C:\apache-jmeter-5.6.3\lib\ext\jmeter-plugins-perfmon-2.1.jar with filter ExtendsClassFilter [parents=[interface org.apache.jmeter.functions.Function], inner=false, contains=null, notContains=null]. Consider exposing JMeter plugins via META-INF/services, and add JMeter-Skip-Class-Scanning=true manifest attribute so JMeter can skip classfile scanning
2026-08-28 12:50:32,154 INFO o.a.j.JMeter: Running test (1787903432154)
2026-08-28 12:50:32,190 INFO o.a.j.e.StandardJMeterEngine: Starting ThreadGroup: 1 : TG - ParaBank 100 Users
2026-08-28 12:50:32,191 INFO o.a.j.e.StandardJMeterEngine: Starting 100 threads for group TG - ParaBank 100 Users.
2026-08-28 12:50:32,191 INFO o.a.j.e.StandardJMeterEngine: Thread will continue on error
2026-08-28 12:50:32,191 INFO o.a.j.t.ThreadGroup: Starting thread group... number=1 threads=100 ramp-up=20 delayedStart=false
2026-08-28 12:50:32,232 INFO o.a.j.s.SampleResult: Note: Sample TimeStamps are START times
2026-08-28 12:50:32,233 INFO o.a.j.s.SampleResult: sampleresult.default.encoding is set to UTF-8
2026-08-28 12:50:32,234 INFO o.a.j.s.SampleResult: sampleresult.useNanoTime=true
2026-08-28 12:50:32,234 INFO o.a.j.s.SampleResult: sampleresult.nanoThreadSleep=5000
2026-08-28 12:50:32,248 INFO o.a.j.t.JMeterThread: Thread started: TG - ParaBank 100 Users 1-1
2026-08-28 12:50:32,251 INFO o.a.j.s.FileServer: Stored: parabank_100_users.csv
2026-08-28 12:50:32,421 INFO o.a.j.t.ThreadGroup: Started thread group number 1
2026-08-28 12:50:32,421 INFO o.a.j.e.StandardJMeterEngine: All thread groups have been started
2026-08-28 12:50:32,436 INFO o.a.j.t.JMeterThread: Thread started: TG - ParaBank 100 Users 1-2
2026-08-28 12:50:32,632 INFO o.a.j.t.JMeterThread: Thread started: TG - ParaBank 100 Users 1-3
2026-08-28 12:50:32,830 INFO o.a.j.t.JMeterThread: Thread started: TG - ParaBank 100 Users 1-4
2026-08-28 12:50:33,025 INFO o.a.j.t.JMeterThread: Thread started: TG - ParaBank 100 Users 1-5
2026-08-28 12:50:33,217 INFO o.a.j.t.JMeterThread: Thread started: TG - ParaBank 100 Users 1-6
2026-08-28 12:50:33,316 INFO o.a.j.p.h.s.HTTPHCAbstractImpl: Local host = DESKTOP-GPM0BON
2026-08-28 12:50:33,325 INFO o.a.j.p.h.s.HTTPHC4Impl: HTTP request retry count = 0
2026-08-28 12:50:33,419 INFO o.a.j.t.JMeterThread: Thread started: TG - ParaBank 100 Users 1-7
2026-08-28 12:50:33,488 INFO o.a.j.r.Summariser: summary +      1 in 00:00:01 =    0.8/s Avg:    40 Min:    40 Max:    40 Err:     0 (0.00%) Active: 7 Started: 7 Finished: 0
2026-08-28 12:50:33,614 INFO o.a.j.t.JMeterThread: Thread started: TG - ParaBank 100 Users 1-8
2026-08-28 12:50:33,809 INFO o.a.j.t.JMeterThread: Thread started: TG - ParaBank 100 Users 1-9
2026-08-28 12:50:34,010 INFO o.a.j.t.JMeterThread: Thread started: TG - ParaBank 100 Users 1-10
2026-08-28 12:50:34,198 INFO o.a.j.t.JMeterThread: Thread started: TG - ParaBank 100 Users 1-11
2026-08-28 12:50:34,399 INFO o.a.j.t.JMeterThread: Thread started: TG - ParaBank 100 Users 1-12
2026-08-28 12:50:34,600 INFO o.a.j.t.JMeterThread: Thread started: TG - ParaBank 100 Users 1-13
2026-08-28 12:50:34,796 INFO o.a.j.t.JMeterThread: Thread started: TG - ParaBank 100 Users 1-14
2026-08-28 12:50:34,995 INFO o.a.j.t.JMeterThread: Thread started: TG - ParaBank 100 Users 1-15
2026-08-28 12:50:35,196 INFO o.a.j.t.JMeterThread: Thread started: TG - ParaBank 100 Users 1-16
2026-08-28 12:50:35,422 INFO o.a.j.t.JMeterThread: Thread started: TG - ParaBank 100 Users 1-17
2026-08-28 12:50:35,610 INFO o.a.j.t.JMeterThread: Thread started: TG - ParaBank 100 Users 1-18
2026-08-28 12:50:35,806 INFO o.a.j.t.JMeterThread: Thread started: TG - ParaBank 100 Users 1-19
2026-08-28 12:50:36,028 INFO o.a.j.t.JMeterThread: Thread started: TG - ParaBank 100 Users 1-20
2026-08-28 12:50:36,212 INFO o.a.j.t.JMeterThread: Thread started: TG - ParaBank 100 Users 1-21
2026-08-28 12:50:36,413 INFO o.a.j.t.JMeterThread: Thread started: TG - ParaBank 100 Users 1-22
2026-08-28 12:50:36,610 INFO o.a.j.t.JMeterThread: Thread started: TG - ParaBank 100 Users 1-23
2026-08-28 12:50:36,807 INFO o.a.j.t.JMeterThread: Thread started: TG - ParaBank 100 Users 1-24
2026-08-28 12:50:37,009 INFO o.a.j.t.JMeterThread: Thread started: TG - ParaBank 100 Users 1-25
2026-08-28 12:50:37,200 INFO o.a.j.t.JMeterThread: Thread started: TG - ParaBank 100 Users 1-26
2026-08-28 12:50:37,410 INFO o.a.j.t.JMeterThread: Thread started: TG - ParaBank 100 Users 1-27
2026-08-28 12:50:37,602 INFO o.a.j.t.JMeterThread: Thread started: TG - ParaBank 100 Users 1-28
2026-08-28 12:50:37,802 INFO o.a.j.t.JMeterThread: Thread started: TG - ParaBank 100 Users 1-29
2026-08-28 12:50:37,995 INFO o.a.j.t.JMeterThread: Thread started: TG - ParaBank 100 Users 1-30
2026-08-28 12:50:38,196 INFO o.a.j.t.JMeterThread: Thread started: TG - ParaBank 100 Users 1-31
2026-08-28 12:50:38,395 INFO o.a.j.t.JMeterThread: Thread started: TG - ParaBank 100 Users 1-32
2026-08-28 12:50:38,595 INFO o.a.j.t.JMeterThread: Thread started: TG - ParaBank 100 Users 1-33
2026-08-28 12:50:38,801 INFO o.a.j.t.JMeterThread: Thread started: TG - ParaBank 100 Users 1-34
2026-08-28 12:50:38,996 INFO o.a.j.t.JMeterThread: Thread started: TG - ParaBank 100 Users 1-35
2026-08-28 12:50:39,196 INFO o.a.j.t.JMeterThread: Thread started: TG - ParaBank 100 Users 1-36
2026-08-28 12:50:39,409 INFO o.a.j.t.JMeterThread: Thread started: TG - ParaBank 100 Users 1-37
2026-08-28 12:50:39,602 INFO o.a.j.t.JMeterThread: Thread started: TG - ParaBank 100 Users 1-38
2026-08-28 12:50:39,804 INFO o.a.j.t.JMeterThread: Thread started: TG - ParaBank 100 Users 1-39
2026-08-28 12:50:40,002 INFO o.a.j.t.JMeterThread: Thread started: TG - ParaBank 100 Users 1-40
2026-08-28 12:50:40,208 INFO o.a.j.t.JMeterThread: Thread started: TG - ParaBank 100 Users 1-41
2026-08-28 12:50:40,410 INFO o.a.j.t.JMeterThread: Thread started: TG - ParaBank 100 Users 1-42
2026-08-28 12:50:40,608 INFO o.a.j.t.JMeterThread: Thread started: TG - ParaBank 100 Users 1-43
2026-08-28 12:50:40,800 INFO o.a.j.t.JMeterThread: Thread started: TG - ParaBank 100 Users 1-44
2026-08-28 12:50:40,995 INFO o.a.j.t.JMeterThread: Thread started: TG - ParaBank 100 Users 1-45
2026-08-28 12:50:41,202 INFO o.a.j.t.JMeterThread: Thread started: TG - ParaBank 100 Users 1-46
2026-08-28 12:50:41,405 INFO o.a.j.t.JMeterThread: Thread started: TG - ParaBank 100 Users 1-47
2026-08-28 12:50:41,607 INFO o.a.j.t.JMeterThread: Thread started: TG - ParaBank 100 Users 1-48
2026-08-28 12:50:41,809 INFO o.a.j.t.JMeterThread: Thread started: TG - ParaBank 100 Users 1-49
2026-08-28 12:50:42,009 INFO o.a.j.t.JMeterThread: Thread started: TG - ParaBank 100 Users 1-50
2026-08-28 12:50:42,209 INFO o.a.j.t.JMeterThread: Thread started: TG - ParaBank 100 Users 1-51
2026-08-28 12:50:42,344 INFO o.a.j.t.JMeterThread: Thread is done: TG - ParaBank 100 Users 1-2
2026-08-28 12:50:42,348 INFO o.a.j.t.JMeterThread: Thread finished: TG - ParaBank 100 Users 1-2
2026-08-28 12:50:42,360 INFO o.a.j.t.JMeterThread: Thread is done: TG - ParaBank 100 Users 1-8
2026-08-28 12:50:42,360 INFO o.a.j.t.JMeterThread: Thread finished: TG - ParaBank 100 Users 1-8
2026-08-28 12:50:42,407 INFO o.a.j.t.JMeterThread: Thread started: TG - ParaBank 100 Users 1-52
2026-08-28 12:50:42,474 INFO o.a.j.t.JMeterThread: Thread is done: TG - ParaBank 100 Users 1-1
2026-08-28 12:50:42,475 INFO o.a.j.t.JMeterThread: Thread finished: TG - ParaBank 100 Users 1-1
2026-08-28 12:50:42,590 INFO o.a.j.t.JMeterThread: Thread is done: TG - ParaBank 100 Users 1-5
2026-08-28 12:50:42,590 INFO o.a.j.t.JMeterThread: Thread finished: TG - ParaBank 100 Users 1-5
2026-08-28 12:50:42,609 INFO o.a.j.t.JMeterThread: Thread started: TG - ParaBank 100 Users 1-53
2026-08-28 12:50:42,694 INFO o.a.j.t.JMeterThread: Thread is done: TG - ParaBank 100 Users 1-9
2026-08-28 12:50:42,694 INFO o.a.j.t.JMeterThread: Thread finished: TG - ParaBank 100 Users 1-9
2026-08-28 12:50:42,804 INFO o.a.j.t.JMeterThread: Thread started: TG - ParaBank 100 Users 1-54
2026-08-28 12:50:42,806 INFO o.a.j.t.JMeterThread: Thread is done: TG - ParaBank 100 Users 1-6
2026-08-28 12:50:42,806 INFO o.a.j.t.JMeterThread: Thread finished: TG - ParaBank 100 Users 1-6
2026-08-28 12:50:42,910 INFO o.a.j.t.JMeterThread: Thread is done: TG - ParaBank 100 Users 1-11
2026-08-28 12:50:42,910 INFO o.a.j.t.JMeterThread: Thread finished: TG - ParaBank 100 Users 1-11
2026-08-28 12:50:43,008 INFO o.a.j.t.JMeterThread: Thread started: TG - ParaBank 100 Users 1-55
2026-08-28 12:50:43,148 INFO o.a.j.t.JMeterThread: Thread is done: TG - ParaBank 100 Users 1-4
2026-08-28 12:50:43,148 INFO o.a.j.t.JMeterThread: Thread is done: TG - ParaBank 100 Users 1-3
2026-08-28 12:50:43,148 INFO o.a.j.t.JMeterThread: Thread finished: TG - ParaBank 100 Users 1-3
2026-08-28 12:50:43,148 INFO o.a.j.t.JMeterThread: Thread finished: TG - ParaBank 100 Users 1-4
2026-08-28 12:50:43,199 INFO o.a.j.t.JMeterThread: Thread started: TG - ParaBank 100 Users 1-56
2026-08-28 12:50:43,249 INFO o.a.j.t.JMeterThread: Thread is done: TG - ParaBank 100 Users 1-10
2026-08-28 12:50:43,251 INFO o.a.j.t.JMeterThread: Thread finished: TG - ParaBank 100 Users 1-10
2026-08-28 12:50:43,364 INFO o.a.j.t.JMeterThread: Thread is done: TG - ParaBank 100 Users 1-7
2026-08-28 12:50:43,364 INFO o.a.j.t.JMeterThread: Thread finished: TG - ParaBank 100 Users 1-7
2026-08-28 12:50:43,395 INFO o.a.j.t.JMeterThread: Thread started: TG - ParaBank 100 Users 1-57
2026-08-28 12:50:43,475 INFO o.a.j.t.JMeterThread: Thread is done: TG - ParaBank 100 Users 1-12
2026-08-28 12:50:43,475 INFO o.a.j.t.JMeterThread: Thread finished: TG - ParaBank 100 Users 1-12
2026-08-28 12:50:43,597 INFO o.a.j.t.JMeterThread: Thread started: TG - ParaBank 100 Users 1-58
2026-08-28 12:50:43,645 INFO o.a.j.t.JMeterThread: Thread is done: TG - ParaBank 100 Users 1-13
2026-08-28 12:50:43,645 INFO o.a.j.t.JMeterThread: Thread finished: TG - ParaBank 100 Users 1-13
2026-08-28 12:50:43,707 INFO o.a.j.t.JMeterThread: Thread is done: TG - ParaBank 100 Users 1-14
2026-08-28 12:50:43,709 INFO o.a.j.t.JMeterThread: Thread finished: TG - ParaBank 100 Users 1-14
2026-08-28 12:50:43,806 INFO o.a.j.t.JMeterThread: Thread started: TG - ParaBank 100 Users 1-59
2026-08-28 12:50:43,851 INFO o.a.j.t.JMeterThread: Thread is done: TG - ParaBank 100 Users 1-15
2026-08-28 12:50:43,853 INFO o.a.j.t.JMeterThread: Thread finished: TG - ParaBank 100 Users 1-15
2026-08-28 12:50:43,931 INFO o.a.j.t.JMeterThread: Thread is done: TG - ParaBank 100 Users 1-16
2026-08-28 12:50:43,931 INFO o.a.j.t.JMeterThread: Thread finished: TG - ParaBank 100 Users 1-16
2026-08-28 12:50:44,005 INFO o.a.j.t.JMeterThread: Thread started: TG - ParaBank 100 Users 1-60
2026-08-28 12:50:44,030 INFO o.a.j.t.JMeterThread: Thread is done: TG - ParaBank 100 Users 1-17
2026-08-28 12:50:44,030 INFO o.a.j.t.JMeterThread: Thread finished: TG - ParaBank 100 Users 1-17
2026-08-28 12:50:44,162 INFO o.a.j.t.JMeterThread: Thread is done: TG - ParaBank 100 Users 1-18
2026-08-28 12:50:44,162 INFO o.a.j.t.JMeterThread: Thread finished: TG - ParaBank 100 Users 1-18
2026-08-28 12:50:44,195 INFO o.a.j.t.JMeterThread: Thread started: TG - ParaBank 100 Users 1-61
2026-08-28 12:50:44,298 INFO o.a.j.t.JMeterThread: Thread is done: TG - ParaBank 100 Users 1-19
2026-08-28 12:50:44,298 INFO o.a.j.t.JMeterThread: Thread finished: TG - ParaBank 100 Users 1-19
2026-08-28 12:50:44,398 INFO o.a.j.t.JMeterThread: Thread is done: TG - ParaBank 100 Users 1-20
2026-08-28 12:50:44,398 INFO o.a.j.t.JMeterThread: Thread finished: TG - ParaBank 100 Users 1-20
2026-08-28 12:50:44,406 INFO o.a.j.t.JMeterThread: Thread started: TG - ParaBank 100 Users 1-62
2026-08-28 12:50:44,589 INFO o.a.j.t.JMeterThread: Thread is done: TG - ParaBank 100 Users 1-21
2026-08-28 12:50:44,589 INFO o.a.j.t.JMeterThread: Thread finished: TG - ParaBank 100 Users 1-21
2026-08-28 12:50:44,604 INFO o.a.j.t.JMeterThread: Thread started: TG - ParaBank 100 Users 1-63
2026-08-28 12:50:44,710 INFO o.a.j.t.JMeterThread: Thread is done: TG - ParaBank 100 Users 1-23
2026-08-28 12:50:44,710 INFO o.a.j.t.JMeterThread: Thread finished: TG - ParaBank 100 Users 1-23
2026-08-28 12:50:44,777 INFO o.a.j.t.JMeterThread: Thread is done: TG - ParaBank 100 Users 1-22
2026-08-28 12:50:44,777 INFO o.a.j.t.JMeterThread: Thread finished: TG - ParaBank 100 Users 1-22
2026-08-28 12:50:44,806 INFO o.a.j.t.JMeterThread: Thread started: TG - ParaBank 100 Users 1-64
2026-08-28 12:50:44,834 INFO o.a.j.t.JMeterThread: Thread is done: TG - ParaBank 100 Users 1-24
2026-08-28 12:50:44,834 INFO o.a.j.t.JMeterThread: Thread finished: TG - ParaBank 100 Users 1-24
2026-08-28 12:50:44,944 INFO o.a.j.t.JMeterThread: Thread is done: TG - ParaBank 100 Users 1-25
2026-08-28 12:50:44,944 INFO o.a.j.t.JMeterThread: Thread finished: TG - ParaBank 100 Users 1-25
2026-08-28 12:50:45,001 INFO o.a.j.t.JMeterThread: Thread started: TG - ParaBank 100 Users 1-65
2026-08-28 12:50:45,056 INFO o.a.j.t.JMeterThread: Thread is done: TG - ParaBank 100 Users 1-26
2026-08-28 12:50:45,057 INFO o.a.j.t.JMeterThread: Thread finished: TG - ParaBank 100 Users 1-26
2026-08-28 12:50:45,200 INFO o.a.j.t.JMeterThread: Thread started: TG - ParaBank 100 Users 1-66
2026-08-28 12:50:45,231 INFO o.a.j.t.JMeterThread: Thread is done: TG - ParaBank 100 Users 1-27
2026-08-28 12:50:45,232 INFO o.a.j.t.JMeterThread: Thread finished: TG - ParaBank 100 Users 1-27
2026-08-28 12:50:45,383 INFO o.a.j.t.JMeterThread: Thread is done: TG - ParaBank 100 Users 1-28
2026-08-28 12:50:45,383 INFO o.a.j.t.JMeterThread: Thread finished: TG - ParaBank 100 Users 1-28
2026-08-28 12:50:45,401 INFO o.a.j.t.JMeterThread: Thread started: TG - ParaBank 100 Users 1-67
2026-08-28 12:50:45,595 INFO o.a.j.t.JMeterThread: Thread is done: TG - ParaBank 100 Users 1-29
2026-08-28 12:50:45,595 INFO o.a.j.t.JMeterThread: Thread finished: TG - ParaBank 100 Users 1-29
2026-08-28 12:50:45,602 INFO o.a.j.t.JMeterThread: Thread started: TG - ParaBank 100 Users 1-68
2026-08-28 12:50:45,794 INFO o.a.j.t.JMeterThread: Thread started: TG - ParaBank 100 Users 1-69
2026-08-28 12:50:45,802 INFO o.a.j.t.JMeterThread: Thread is done: TG - ParaBank 100 Users 1-30
2026-08-28 12:50:45,802 INFO o.a.j.t.JMeterThread: Thread finished: TG - ParaBank 100 Users 1-30
2026-08-28 12:50:45,994 INFO o.a.j.t.JMeterThread: Thread started: TG - ParaBank 100 Users 1-70
2026-08-28 12:50:46,025 INFO o.a.j.t.JMeterThread: Thread is done: TG - ParaBank 100 Users 1-31
2026-08-28 12:50:46,025 INFO o.a.j.t.JMeterThread: Thread finished: TG - ParaBank 100 Users 1-31
2026-08-28 12:50:46,206 INFO o.a.j.t.JMeterThread: Thread started: TG - ParaBank 100 Users 1-71
2026-08-28 12:50:46,279 INFO o.a.j.t.JMeterThread: Thread is done: TG - ParaBank 100 Users 1-32
2026-08-28 12:50:46,279 INFO o.a.j.t.JMeterThread: Thread finished: TG - ParaBank 100 Users 1-32
2026-08-28 12:50:46,404 INFO o.a.j.t.JMeterThread: Thread started: TG - ParaBank 100 Users 1-72
2026-08-28 12:50:46,507 INFO o.a.j.t.JMeterThread: Thread is done: TG - ParaBank 100 Users 1-33
2026-08-28 12:50:46,507 INFO o.a.j.t.JMeterThread: Thread finished: TG - ParaBank 100 Users 1-33
2026-08-28 12:50:46,593 INFO o.a.j.t.JMeterThread: Thread is done: TG - ParaBank 100 Users 1-34
2026-08-28 12:50:46,593 INFO o.a.j.t.JMeterThread: Thread finished: TG - ParaBank 100 Users 1-34
2026-08-28 12:50:46,602 INFO o.a.j.t.JMeterThread: Thread started: TG - ParaBank 100 Users 1-73
2026-08-28 12:50:46,806 INFO o.a.j.t.JMeterThread: Thread started: TG - ParaBank 100 Users 1-74
2026-08-28 12:50:46,937 INFO o.a.j.t.JMeterThread: Thread is done: TG - ParaBank 100 Users 1-35
2026-08-28 12:50:46,937 INFO o.a.j.t.JMeterThread: Thread finished: TG - ParaBank 100 Users 1-35
2026-08-28 12:50:47,004 INFO o.a.j.t.JMeterThread: Thread started: TG - ParaBank 100 Users 1-75
2026-08-28 12:50:47,047 INFO o.a.j.t.JMeterThread: Thread is done: TG - ParaBank 100 Users 1-36
2026-08-28 12:50:47,048 INFO o.a.j.t.JMeterThread: Thread finished: TG - ParaBank 100 Users 1-36
2026-08-28 12:50:47,208 INFO o.a.j.t.JMeterThread: Thread started: TG - ParaBank 100 Users 1-76
2026-08-28 12:50:47,299 INFO o.a.j.t.JMeterThread: Thread is done: TG - ParaBank 100 Users 1-37
2026-08-28 12:50:47,299 INFO o.a.j.t.JMeterThread: Thread finished: TG - ParaBank 100 Users 1-37
2026-08-28 12:50:47,396 INFO o.a.j.t.JMeterThread: Thread started: TG - ParaBank 100 Users 1-77
2026-08-28 12:50:47,446 INFO o.a.j.t.JMeterThread: Thread is done: TG - ParaBank 100 Users 1-38
2026-08-28 12:50:47,447 INFO o.a.j.t.JMeterThread: Thread finished: TG - ParaBank 100 Users 1-38
2026-08-28 12:50:47,594 INFO o.a.j.t.JMeterThread: Thread started: TG - ParaBank 100 Users 1-78
2026-08-28 12:50:47,600 INFO o.a.j.t.JMeterThread: Thread is done: TG - ParaBank 100 Users 1-39
2026-08-28 12:50:47,600 INFO o.a.j.t.JMeterThread: Thread finished: TG - ParaBank 100 Users 1-39
2026-08-28 12:50:47,794 INFO o.a.j.t.JMeterThread: Thread started: TG - ParaBank 100 Users 1-79
2026-08-28 12:50:47,839 INFO o.a.j.t.JMeterThread: Thread is done: TG - ParaBank 100 Users 1-40
2026-08-28 12:50:47,839 INFO o.a.j.t.JMeterThread: Thread finished: TG - ParaBank 100 Users 1-40
2026-08-28 12:50:47,993 INFO o.a.j.t.JMeterThread: Thread started: TG - ParaBank 100 Users 1-80
2026-08-28 12:50:48,060 INFO o.a.j.t.JMeterThread: Thread is done: TG - ParaBank 100 Users 1-41
2026-08-28 12:50:48,060 INFO o.a.j.t.JMeterThread: Thread finished: TG - ParaBank 100 Users 1-41
2026-08-28 12:50:48,193 INFO o.a.j.t.JMeterThread: Thread started: TG - ParaBank 100 Users 1-81
2026-08-28 12:50:48,351 INFO o.a.j.t.JMeterThread: Thread is done: TG - ParaBank 100 Users 1-42
2026-08-28 12:50:48,351 INFO o.a.j.t.JMeterThread: Thread finished: TG - ParaBank 100 Users 1-42
2026-08-28 12:50:48,395 INFO o.a.j.t.JMeterThread: Thread started: TG - ParaBank 100 Users 1-82
2026-08-28 12:50:48,468 INFO o.a.j.t.JMeterThread: Thread is done: TG - ParaBank 100 Users 1-43
2026-08-28 12:50:48,468 INFO o.a.j.t.JMeterThread: Thread finished: TG - ParaBank 100 Users 1-43
2026-08-28 12:50:48,595 INFO o.a.j.t.JMeterThread: Thread started: TG - ParaBank 100 Users 1-83
2026-08-28 12:50:48,620 INFO o.a.j.t.JMeterThread: Thread is done: TG - ParaBank 100 Users 1-44
2026-08-28 12:50:48,621 INFO o.a.j.t.JMeterThread: Thread finished: TG - ParaBank 100 Users 1-44
2026-08-28 12:50:48,792 INFO o.a.j.t.JMeterThread: Thread started: TG - ParaBank 100 Users 1-84
2026-08-28 12:50:48,832 INFO o.a.j.t.JMeterThread: Thread is done: TG - ParaBank 100 Users 1-45
2026-08-28 12:50:48,833 INFO o.a.j.t.JMeterThread: Thread finished: TG - ParaBank 100 Users 1-45
2026-08-28 12:50:48,993 INFO o.a.j.t.JMeterThread: Thread started: TG - ParaBank 100 Users 1-85
2026-08-28 12:50:49,103 INFO o.a.j.t.JMeterThread: Thread is done: TG - ParaBank 100 Users 1-46
2026-08-28 12:50:49,103 INFO o.a.j.t.JMeterThread: Thread finished: TG - ParaBank 100 Users 1-46
2026-08-28 12:50:49,167 INFO o.a.j.t.JMeterThread: Thread is done: TG - ParaBank 100 Users 1-47
2026-08-28 12:50:49,167 INFO o.a.j.t.JMeterThread: Thread finished: TG - ParaBank 100 Users 1-47
2026-08-28 12:50:49,193 INFO o.a.j.t.JMeterThread: Thread started: TG - ParaBank 100 Users 1-86
2026-08-28 12:50:49,373 INFO o.a.j.t.JMeterThread: Thread is done: TG - ParaBank 100 Users 1-48
2026-08-28 12:50:49,373 INFO o.a.j.t.JMeterThread: Thread finished: TG - ParaBank 100 Users 1-48
2026-08-28 12:50:49,394 INFO o.a.j.t.JMeterThread: Thread started: TG - ParaBank 100 Users 1-87
2026-08-28 12:50:49,565 INFO o.a.j.t.JMeterThread: Thread is done: TG - ParaBank 100 Users 1-49
2026-08-28 12:50:49,565 INFO o.a.j.t.JMeterThread: Thread finished: TG - ParaBank 100 Users 1-49
2026-08-28 12:50:49,594 INFO o.a.j.t.JMeterThread: Thread started: TG - ParaBank 100 Users 1-88
2026-08-28 12:50:49,796 INFO o.a.j.t.JMeterThread: Thread started: TG - ParaBank 100 Users 1-89
2026-08-28 12:50:49,835 INFO o.a.j.t.JMeterThread: Thread is done: TG - ParaBank 100 Users 1-50
2026-08-28 12:50:49,835 INFO o.a.j.t.JMeterThread: Thread finished: TG - ParaBank 100 Users 1-50
2026-08-28 12:50:49,977 INFO o.a.j.t.JMeterThread: Thread is done: TG - ParaBank 100 Users 1-51
2026-08-28 12:50:49,977 INFO o.a.j.t.JMeterThread: Thread finished: TG - ParaBank 100 Users 1-51
2026-08-28 12:50:49,993 INFO o.a.j.t.JMeterThread: Thread started: TG - ParaBank 100 Users 1-90
2026-08-28 12:50:50,180 INFO o.a.j.t.JMeterThread: Thread is done: TG - ParaBank 100 Users 1-52
2026-08-28 12:50:50,180 INFO o.a.j.t.JMeterThread: Thread finished: TG - ParaBank 100 Users 1-52
2026-08-28 12:50:50,192 INFO o.a.j.t.JMeterThread: Thread started: TG - ParaBank 100 Users 1-91
2026-08-28 12:50:50,361 INFO o.a.j.t.JMeterThread: Thread is done: TG - ParaBank 100 Users 1-53
2026-08-28 12:50:50,362 INFO o.a.j.t.JMeterThread: Thread finished: TG - ParaBank 100 Users 1-53
2026-08-28 12:50:50,394 INFO o.a.j.t.JMeterThread: Thread started: TG - ParaBank 100 Users 1-92
2026-08-28 12:50:50,545 INFO o.a.j.t.JMeterThread: Thread is done: TG - ParaBank 100 Users 1-54
2026-08-28 12:50:50,545 INFO o.a.j.t.JMeterThread: Thread finished: TG - ParaBank 100 Users 1-54
2026-08-28 12:50:50,598 INFO o.a.j.t.JMeterThread: Thread started: TG - ParaBank 100 Users 1-93
2026-08-28 12:50:50,750 INFO o.a.j.t.JMeterThread: Thread is done: TG - ParaBank 100 Users 1-55
2026-08-28 12:50:50,750 INFO o.a.j.t.JMeterThread: Thread finished: TG - ParaBank 100 Users 1-55
2026-08-28 12:50:50,805 INFO o.a.j.t.JMeterThread: Thread started: TG - ParaBank 100 Users 1-94
2026-08-28 12:50:50,940 INFO o.a.j.t.JMeterThread: Thread is done: TG - ParaBank 100 Users 1-56
2026-08-28 12:50:50,940 INFO o.a.j.t.JMeterThread: Thread finished: TG - ParaBank 100 Users 1-56
2026-08-28 12:50:51,006 INFO o.a.j.t.JMeterThread: Thread started: TG - ParaBank 100 Users 1-95
2026-08-28 12:50:51,200 INFO o.a.j.t.JMeterThread: Thread started: TG - ParaBank 100 Users 1-96
2026-08-28 12:50:51,200 INFO o.a.j.t.JMeterThread: Thread is done: TG - ParaBank 100 Users 1-57
2026-08-28 12:50:51,200 INFO o.a.j.t.JMeterThread: Thread finished: TG - ParaBank 100 Users 1-57
2026-08-28 12:50:51,344 INFO o.a.j.t.JMeterThread: Thread is done: TG - ParaBank 100 Users 1-58
2026-08-28 12:50:51,345 INFO o.a.j.t.JMeterThread: Thread finished: TG - ParaBank 100 Users 1-58
2026-08-28 12:50:51,399 INFO o.a.j.t.JMeterThread: Thread started: TG - ParaBank 100 Users 1-97
2026-08-28 12:50:51,559 INFO o.a.j.t.JMeterThread: Thread is done: TG - ParaBank 100 Users 1-59
2026-08-28 12:50:51,559 INFO o.a.j.t.JMeterThread: Thread finished: TG - ParaBank 100 Users 1-59
2026-08-28 12:50:51,596 INFO o.a.j.t.JMeterThread: Thread started: TG - ParaBank 100 Users 1-98
2026-08-28 12:50:51,759 INFO o.a.j.t.JMeterThread: Thread is done: TG - ParaBank 100 Users 1-60
2026-08-28 12:50:51,760 INFO o.a.j.t.JMeterThread: Thread finished: TG - ParaBank 100 Users 1-60
2026-08-28 12:50:51,794 INFO o.a.j.t.JMeterThread: Thread started: TG - ParaBank 100 Users 1-99
2026-08-28 12:50:51,955 INFO o.a.j.t.JMeterThread: Thread is done: TG - ParaBank 100 Users 1-61
2026-08-28 12:50:51,955 INFO o.a.j.t.JMeterThread: Thread finished: TG - ParaBank 100 Users 1-61
2026-08-28 12:50:51,995 INFO o.a.j.t.JMeterThread: Thread started: TG - ParaBank 100 Users 1-100
2026-08-28 12:50:52,239 INFO o.a.j.t.JMeterThread: Thread is done: TG - ParaBank 100 Users 1-62
2026-08-28 12:50:52,239 INFO o.a.j.t.JMeterThread: Thread finished: TG - ParaBank 100 Users 1-62
2026-08-28 12:50:52,386 INFO o.a.j.t.JMeterThread: Thread is done: TG - ParaBank 100 Users 1-63
2026-08-28 12:50:52,387 INFO o.a.j.t.JMeterThread: Thread finished: TG - ParaBank 100 Users 1-63
2026-08-28 12:50:52,574 INFO o.a.j.t.JMeterThread: Thread is done: TG - ParaBank 100 Users 1-64
2026-08-28 12:50:52,574 INFO o.a.j.t.JMeterThread: Thread finished: TG - ParaBank 100 Users 1-64
2026-08-28 12:50:52,779 INFO o.a.j.t.JMeterThread: Thread is done: TG - ParaBank 100 Users 1-65
2026-08-28 12:50:52,780 INFO o.a.j.t.JMeterThread: Thread finished: TG - ParaBank 100 Users 1-65
2026-08-28 12:50:53,200 INFO o.a.j.t.JMeterThread: Thread is done: TG - ParaBank 100 Users 1-66
2026-08-28 12:50:53,201 INFO o.a.j.t.JMeterThread: Thread finished: TG - ParaBank 100 Users 1-66
2026-08-28 12:50:53,293 INFO o.a.j.t.JMeterThread: Thread is done: TG - ParaBank 100 Users 1-67
2026-08-28 12:50:53,302 INFO o.a.j.t.JMeterThread: Thread finished: TG - ParaBank 100 Users 1-67
2026-08-28 12:50:53,418 INFO o.a.j.t.JMeterThread: Thread is done: TG - ParaBank 100 Users 1-68
2026-08-28 12:50:53,419 INFO o.a.j.t.JMeterThread: Thread finished: TG - ParaBank 100 Users 1-68
2026-08-28 12:50:53,648 INFO o.a.j.t.JMeterThread: Thread is done: TG - ParaBank 100 Users 1-69
2026-08-28 12:50:53,648 INFO o.a.j.t.JMeterThread: Thread finished: TG - ParaBank 100 Users 1-69
2026-08-28 12:50:53,797 INFO o.a.j.t.JMeterThread: Thread is done: TG - ParaBank 100 Users 1-70
2026-08-28 12:50:53,797 INFO o.a.j.t.JMeterThread: Thread finished: TG - ParaBank 100 Users 1-70
2026-08-28 12:50:54,008 INFO o.a.j.t.JMeterThread: Thread is done: TG - ParaBank 100 Users 1-71
2026-08-28 12:50:54,008 INFO o.a.j.t.JMeterThread: Thread finished: TG - ParaBank 100 Users 1-71
2026-08-28 12:50:54,210 INFO o.a.j.t.JMeterThread: Thread is done: TG - ParaBank 100 Users 1-72
2026-08-28 12:50:54,210 INFO o.a.j.t.JMeterThread: Thread finished: TG - ParaBank 100 Users 1-72
2026-08-28 12:50:54,412 INFO o.a.j.t.JMeterThread: Thread is done: TG - ParaBank 100 Users 1-73
2026-08-28 12:50:54,412 INFO o.a.j.t.JMeterThread: Thread finished: TG - ParaBank 100 Users 1-73
2026-08-28 12:50:54,612 INFO o.a.j.t.JMeterThread: Thread is done: TG - ParaBank 100 Users 1-74
2026-08-28 12:50:54,612 INFO o.a.j.t.JMeterThread: Thread finished: TG - ParaBank 100 Users 1-74
2026-08-28 12:50:54,758 INFO o.a.j.t.JMeterThread: Thread is done: TG - ParaBank 100 Users 1-75
2026-08-28 12:50:54,758 INFO o.a.j.t.JMeterThread: Thread finished: TG - ParaBank 100 Users 1-75
2026-08-28 12:50:54,982 INFO o.a.j.t.JMeterThread: Thread is done: TG - ParaBank 100 Users 1-76
2026-08-28 12:50:54,982 INFO o.a.j.t.JMeterThread: Thread finished: TG - ParaBank 100 Users 1-76
2026-08-28 12:50:55,157 INFO o.a.j.t.JMeterThread: Thread is done: TG - ParaBank 100 Users 1-77
2026-08-28 12:50:55,157 INFO o.a.j.t.JMeterThread: Thread finished: TG - ParaBank 100 Users 1-77
2026-08-28 12:50:55,366 INFO o.a.j.t.JMeterThread: Thread is done: TG - ParaBank 100 Users 1-78
2026-08-28 12:50:55,366 INFO o.a.j.t.JMeterThread: Thread finished: TG - ParaBank 100 Users 1-78
2026-08-28 12:50:55,615 INFO o.a.j.t.JMeterThread: Thread is done: TG - ParaBank 100 Users 1-79
2026-08-28 12:50:55,615 INFO o.a.j.t.JMeterThread: Thread finished: TG - ParaBank 100 Users 1-79
2026-08-28 12:50:55,808 INFO o.a.j.t.JMeterThread: Thread is done: TG - ParaBank 100 Users 1-80
2026-08-28 12:50:55,809 INFO o.a.j.t.JMeterThread: Thread finished: TG - ParaBank 100 Users 1-80
2026-08-28 12:50:55,952 INFO o.a.j.t.JMeterThread: Thread is done: TG - ParaBank 100 Users 1-81
2026-08-28 12:50:55,952 INFO o.a.j.t.JMeterThread: Thread finished: TG - ParaBank 100 Users 1-81
2026-08-28 12:50:56,149 INFO o.a.j.t.JMeterThread: Thread is done: TG - ParaBank 100 Users 1-82
2026-08-28 12:50:56,149 INFO o.a.j.t.JMeterThread: Thread finished: TG - ParaBank 100 Users 1-82
2026-08-28 12:50:56,408 INFO o.a.j.t.JMeterThread: Thread is done: TG - ParaBank 100 Users 1-83
2026-08-28 12:50:56,409 INFO o.a.j.t.JMeterThread: Thread finished: TG - ParaBank 100 Users 1-83
2026-08-28 12:50:56,603 INFO o.a.j.t.JMeterThread: Thread is done: TG - ParaBank 100 Users 1-84
2026-08-28 12:50:56,603 INFO o.a.j.t.JMeterThread: Thread finished: TG - ParaBank 100 Users 1-84
2026-08-28 12:50:56,781 INFO o.a.j.t.JMeterThread: Thread is done: TG - ParaBank 100 Users 1-85
2026-08-28 12:50:56,782 INFO o.a.j.t.JMeterThread: Thread finished: TG - ParaBank 100 Users 1-85
2026-08-28 12:50:56,973 INFO o.a.j.t.JMeterThread: Thread is done: TG - ParaBank 100 Users 1-86
2026-08-28 12:50:56,973 INFO o.a.j.t.JMeterThread: Thread finished: TG - ParaBank 100 Users 1-86
2026-08-28 12:50:57,104 INFO o.a.j.t.JMeterThread: Thread is done: TG - ParaBank 100 Users 1-87
2026-08-28 12:50:57,104 INFO o.a.j.t.JMeterThread: Thread finished: TG - ParaBank 100 Users 1-87
2026-08-28 12:50:57,309 INFO o.a.j.t.JMeterThread: Thread is done: TG - ParaBank 100 Users 1-88
2026-08-28 12:50:57,310 INFO o.a.j.t.JMeterThread: Thread finished: TG - ParaBank 100 Users 1-88
2026-08-28 12:50:57,511 INFO o.a.j.t.JMeterThread: Thread is done: TG - ParaBank 100 Users 1-89
2026-08-28 12:50:57,512 INFO o.a.j.t.JMeterThread: Thread finished: TG - ParaBank 100 Users 1-89
2026-08-28 12:50:57,809 INFO o.a.j.t.JMeterThread: Thread is done: TG - ParaBank 100 Users 1-90
2026-08-28 12:50:57,809 INFO o.a.j.t.JMeterThread: Thread finished: TG - ParaBank 100 Users 1-90
2026-08-28 12:50:57,920 INFO o.a.j.t.JMeterThread: Thread is done: TG - ParaBank 100 Users 1-91
2026-08-28 12:50:57,920 INFO o.a.j.t.JMeterThread: Thread finished: TG - ParaBank 100 Users 1-91
2026-08-28 12:50:58,093 INFO o.a.j.t.JMeterThread: Thread is done: TG - ParaBank 100 Users 1-92
2026-08-28 12:50:58,093 INFO o.a.j.t.JMeterThread: Thread finished: TG - ParaBank 100 Users 1-92
2026-08-28 12:50:58,316 INFO o.a.j.t.JMeterThread: Thread is done: TG - ParaBank 100 Users 1-93
2026-08-28 12:50:58,317 INFO o.a.j.t.JMeterThread: Thread finished: TG - ParaBank 100 Users 1-93
2026-08-28 12:50:58,502 INFO o.a.j.t.JMeterThread: Thread is done: TG - ParaBank 100 Users 1-94
2026-08-28 12:50:58,502 INFO o.a.j.t.JMeterThread: Thread finished: TG - ParaBank 100 Users 1-94
2026-08-28 12:50:58,759 INFO o.a.j.t.JMeterThread: Thread is done: TG - ParaBank 100 Users 1-95
2026-08-28 12:50:58,767 INFO o.a.j.t.JMeterThread: Thread finished: TG - ParaBank 100 Users 1-95
2026-08-28 12:50:58,936 INFO o.a.j.t.JMeterThread: Thread is done: TG - ParaBank 100 Users 1-96
2026-08-28 12:50:58,937 INFO o.a.j.t.JMeterThread: Thread finished: TG - ParaBank 100 Users 1-96
2026-08-28 12:50:59,108 INFO o.a.j.t.JMeterThread: Thread is done: TG - ParaBank 100 Users 1-97
2026-08-28 12:50:59,108 INFO o.a.j.t.JMeterThread: Thread finished: TG - ParaBank 100 Users 1-97
2026-08-28 12:50:59,346 INFO o.a.j.t.JMeterThread: Thread is done: TG - ParaBank 100 Users 1-98
2026-08-28 12:50:59,346 INFO o.a.j.t.JMeterThread: Thread finished: TG - ParaBank 100 Users 1-98
2026-08-28 12:50:59,532 INFO o.a.j.t.JMeterThread: Thread is done: TG - ParaBank 100 Users 1-99
2026-08-28 12:50:59,532 INFO o.a.j.t.JMeterThread: Thread finished: TG - ParaBank 100 Users 1-99
2026-08-28 12:50:59,762 INFO o.a.j.t.JMeterThread: Thread is done: TG - ParaBank 100 Users 1-100
2026-08-28 12:50:59,762 INFO o.a.j.t.JMeterThread: Thread finished: TG - ParaBank 100 Users 1-100
2026-08-28 12:50:59,764 INFO o.a.j.e.StandardJMeterEngine: Notifying test listeners of end of test
2026-08-28 12:50:59,765 INFO o.a.j.s.FileServer: Close: parabank_100_users.csv
2026-08-28 12:50:59,775 INFO o.a.j.r.Summariser: summary +    799 in 00:00:26 =   30.4/s Avg:    55 Min:     3 Max:  1346 Err:   222 (27.78%) Active: 0 Started: 100 Finished: 100
2026-08-28 12:50:59,776 INFO o.a.j.r.Summariser: summary =    800 in 00:00:28 =   29.0/s Avg:    55 Min:     3 Max:  1346 Err:   222 (27.75%)
2026-08-28 12:50:59,779 INFO o.a.j.JMeter: Generating Dashboard
2026-08-28 12:50:59,779 INFO o.a.j.r.d.ReportGenerator: Flushing result collector before report Generation
2026-08-28 12:50:59,831 INFO o.a.j.r.p.NormalizerSampleConsumer: Using format, 'ms', to parse timeStamp field
2026-08-28 12:51:00,199 INFO o.a.j.r.p.AbstractSampleConsumer: class org.apache.jmeter.report.processor.AggregateConsumer#stopProducing(): beginDate produced 0 samples
2026-08-28 12:51:00,200 INFO o.a.j.r.p.AbstractSampleConsumer: class org.apache.jmeter.report.processor.AggregateConsumer#stopProducing(): endDate produced 0 samples
2026-08-28 12:51:00,202 INFO o.a.j.r.p.AbstractSampleConsumer: class org.apache.jmeter.report.processor.ApdexSummaryConsumer#stopProducing(): apdexSummary produced 0 samples
2026-08-28 12:51:00,203 INFO o.a.j.r.p.AbstractSampleConsumer: class org.apache.jmeter.report.processor.RequestsSummaryConsumer#stopProducing(): requestsSummary produced 0 samples
2026-08-28 12:51:00,213 INFO o.a.j.r.p.AbstractSampleConsumer: class org.apache.jmeter.report.processor.StatisticsSummaryConsumer#stopProducing(): statisticsSummary produced 0 samples
2026-08-28 12:51:00,216 INFO o.a.j.r.p.AbstractSampleConsumer: class org.apache.jmeter.report.processor.Top5ErrorsBySamplerConsumer#stopProducing(): top5ErrorsBySampler produced 0 samples
2026-08-28 12:51:00,216 INFO o.a.j.r.p.AbstractSampleConsumer: class org.apache.jmeter.report.processor.ErrorsSummaryConsumer#stopProducing(): errorsSummary produced 0 samples
2026-08-28 12:51:00,216 INFO o.a.j.r.p.AbstractSampleConsumer: class org.apache.jmeter.report.processor.graph.impl.HitsPerSecondGraphConsumer#stopProducing(): hitsPerSecond produced 0 samples
2026-08-28 12:51:00,309 INFO o.a.j.r.p.AbstractSampleConsumer: class org.apache.jmeter.report.processor.graph.impl.LatencyVSRequestGraphConsumer#stopProducing(): latencyVsRequest produced 0 samples
2026-08-28 12:51:00,316 INFO o.a.j.r.p.AbstractSampleConsumer: class org.apache.jmeter.report.processor.graph.impl.SyntheticResponseTimeDistributionGraphConsumer#stopProducing(): syntheticResponseTimeDistribution produced 0 samples
2026-08-28 12:51:00,318 INFO o.a.j.r.p.AbstractSampleConsumer: class org.apache.jmeter.report.processor.graph.impl.BytesThroughputGraphConsumer#stopProducing(): bytesThroughputOverTime produced 0 samples
2026-08-28 12:51:00,319 INFO o.a.j.r.p.AbstractSampleConsumer: class org.apache.jmeter.report.processor.graph.impl.CodesPerSecondGraphConsumer#stopProducing(): codesPerSecond produced 0 samples
2026-08-28 12:51:00,372 INFO o.a.j.r.p.AbstractSampleConsumer: class org.apache.jmeter.report.processor.graph.impl.ResponseTimeVSRequestGraphConsumer#stopProducing(): responseTimeVsRequest produced 0 samples
2026-08-28 12:51:00,373 INFO o.a.j.r.p.AbstractSampleConsumer: class org.apache.jmeter.report.processor.FilterConsumer#stopProducing(): startIntervalControlerFilter produced 8204 samples
2026-08-28 12:51:00,373 INFO o.a.j.r.p.AbstractSampleConsumer: class org.apache.jmeter.report.processor.graph.impl.TotalTPSGraphConsumer#stopProducing(): totalTPS produced 0 samples
2026-08-28 12:51:00,373 INFO o.a.j.r.p.AbstractSampleConsumer: class org.apache.jmeter.report.processor.graph.impl.ActiveThreadsGraphConsumer#stopProducing(): activeThreadsOverTime produced 0 samples
2026-08-28 12:51:00,373 INFO o.a.j.r.p.AbstractSampleConsumer: class org.apache.jmeter.report.processor.graph.impl.TimeVSThreadGraphConsumer#stopProducing(): timeVsThreads produced 0 samples
2026-08-28 12:51:00,375 INFO o.a.j.r.p.AbstractSampleConsumer: class org.apache.jmeter.report.processor.graph.impl.ResponseTimeDistributionGraphConsumer#stopProducing(): responseTimeDistribution produced 0 samples
2026-08-28 12:51:00,375 INFO o.a.j.r.p.AbstractSampleConsumer: class org.apache.jmeter.report.processor.graph.impl.TransactionsPerSecondGraphConsumer#stopProducing(): transactionsPerSecond produced 0 samples
2026-08-28 12:51:00,375 INFO o.a.j.r.p.AbstractSampleConsumer: class org.apache.jmeter.report.processor.graph.impl.ResponseTimePercentilesGraphConsumer#stopProducing(): responseTimePercentiles produced 0 samples
2026-08-28 12:51:00,400 INFO o.a.j.r.p.AbstractSampleConsumer: class org.apache.jmeter.report.processor.graph.impl.ResponseTimePercentilesOverTimeGraphConsumer#stopProducing(): responseTimePercentilesOverTime produced 0 samples
2026-08-28 12:51:00,401 INFO o.a.j.r.p.AbstractSampleConsumer: class org.apache.jmeter.report.processor.graph.impl.ResponseTimeOverTimeGraphConsumer#stopProducing(): responseTimesOverTime produced 0 samples
2026-08-28 12:51:00,401 INFO o.a.j.r.p.AbstractSampleConsumer: class org.apache.jmeter.report.processor.graph.impl.ConnectTimeOverTimeGraphConsumer#stopProducing(): connectTimeOverTime produced 0 samples
2026-08-28 12:51:00,402 INFO o.a.j.r.p.AbstractSampleConsumer: class org.apache.jmeter.report.processor.graph.impl.LatencyOverTimeGraphConsumer#stopProducing(): latenciesOverTime produced 0 samples
2026-08-28 12:51:00,402 INFO o.a.j.r.p.AbstractSampleConsumer: class org.apache.jmeter.report.processor.FilterConsumer#stopProducing(): nameFilter produced 25080 samples
2026-08-28 12:51:00,402 INFO o.a.j.r.p.AbstractSampleConsumer: class org.apache.jmeter.report.processor.FilterConsumer#stopProducing(): dateRangeFilter produced 5016 samples
2026-08-28 12:51:00,402 INFO o.a.j.r.p.AbstractSampleConsumer: class org.apache.jmeter.report.processor.NormalizerSampleConsumer#stopProducing(): normalizer produced 1672 samples
2026-08-28 12:51:00,403 INFO o.a.j.r.p.CsvFileSampleSource: produce(): 1672 samples produced in 528ms on channel 0
2026-08-28 12:51:00,403 INFO o.a.j.r.d.ReportGenerator: Exporting data using exporter:'json' of className:'org.apache.jmeter.report.dashboard.JsonExporter'
2026-08-28 12:51:00,508 INFO o.a.j.r.d.JsonExporter: Found data for consumer statisticsSummary in context
2026-08-28 12:51:00,508 INFO o.a.j.r.d.JsonExporter: Creating statistics for overall
2026-08-28 12:51:00,509 INFO o.a.j.r.d.JsonExporter: Creating statistics for other transactions
2026-08-28 12:51:00,509 INFO o.a.j.r.d.JsonExporter: Checking output folder
2026-08-28 12:51:00,510 INFO o.a.j.r.d.JsonExporter: Writing statistics JSON to C:\parabank\jmeter+csv\html_report\statistics.json
2026-08-28 12:51:00,582 INFO o.a.j.r.d.ReportGenerator: Exporting data using exporter:'html' of className:'org.apache.jmeter.report.dashboard.HtmlTemplateExporter'
2026-08-28 12:51:00,589 INFO o.a.j.r.d.HtmlTemplateExporter: Will generate dashboard in folder: C:\parabank\jmeter+csv\html_report
2026-08-28 12:51:00,896 INFO o.a.j.r.d.HtmlTemplateExporter: Report will be generated in: C:\parabank\jmeter+csv\html_report, creating folder structure
2026-08-28 12:51:00,903 INFO o.a.j.r.d.TemplateVisitor: Copying folder from 'C:\apache-jmeter-5.6.3\bin\report-template' to 'C:\parabank\jmeter+csv\html_report', got message: C:\parabank\jmeter+csv\html_report, found non empty folder with following content [C:\parabank\jmeter+csv\html_report\statistics.json], will be ignored
2026-08-28 12:51:01,426 INFO o.a.j.JMeter: Dashboard generated
